00:02.890  blend            | Read blend: "C:\Users\Adharsh Vijayakarthy\Desktop\Code\Final_Portfolio\scripts\blender\stay-awhile\00-garden.blend"
00:25.078  render           | Saved: 'C:\Users\Adharsh Vijayakarthy\Desktop\Code\Final_Portfolio\public\assets\stay\v1\garden-desktop.webp'
POSTER garden desktop 37818 CORRIDOR []
00:37.375  render           | Saved: 'C:\Users\Adharsh Vijayakarthy\Desktop\Code\Final_Portfolio\public\assets\stay\v1\garden-mobile.webp'
POSTER garden mobile 19968 CORRIDOR []
00:37.375  blend            | Read blend: "C:\Users\Adharsh Vijayakarthy\Desktop\Code\Final_Portfolio\scripts\blender\stay-awhile\01-person.blend"
01:00.359  render           | Saved: 'C:\Users\Adharsh Vijayakarthy\Desktop\Code\Final_Portfolio\public\assets\stay\v1\person-desktop.webp'
Info: Read library: 'C:\Users\Adharsh Vijayakarthy\Desktop\Code\Final_Portfolio\scripts\blender\stay-awhile\00-garden.blend', '//00-garden.blend', parent '<direct>'
POSTER person desktop 35372 CORRIDOR []
01:12.593  render           | Saved: 'C:\Users\Adharsh Vijayakarthy\Desktop\Code\Final_Portfolio\public\assets\stay\v1\person-mobile.webp'
POSTER person mobile 15702 CORRIDOR []
01:12.593  blend            | Read blend: "C:\Users\Adharsh Vijayakarthy\Desktop\Code\Final_Portfolio\scripts\blender\stay-awhile\02-builder.blend"
01:38.593  render           | Saved: 'C:\Users\Adharsh Vijayakarthy\Desktop\Code\Final_Portfolio\public\assets\stay\v1\builder-desktop.webp'
Info: Read library: 'C:\Users\Adharsh Vijayakarthy\Desktop\Code\Final_Portfolio\scripts\blender\stay-awhile\00-garden.blend', '//00-garden.blend', parent '<direct>'
POSTER builder desktop 68650 CORRIDOR []
01:52.953  render           | Saved: 'C:\Users\Adharsh Vijayakarthy\Desktop\Code\Final_Portfolio\public\assets\stay\v1\builder-mobile.webp'
POSTER builder mobile 30160 CORRIDOR []
01:52.968  blend            | Read blend: "C:\Users\Adharsh Vijayakarthy\Desktop\Code\Final_Portfolio\scripts\blender\stay-awhile\03-thinker.blend"
02:19.375  render           | Saved: 'C:\Users\Adharsh Vijayakarthy\Desktop\Code\Final_Portfolio\public\assets\stay\v1\thinker-desktop.webp'
Info: Read library: 'C:\Users\Adharsh Vijayakarthy\Desktop\Code\Final_Portfolio\scripts\blender\stay-awhile\00-garden.blend', '//00-garden.blend', parent '<direct>'
POSTER thinker desktop 70314 CORRIDOR []
02:34.625  render           | Saved: 'C:\Users\Adharsh Vijayakarthy\Desktop\Code\Final_Portfolio\public\assets\stay\v1\thinker-mobile.webp'
POSTER thinker mobile 32622 CORRIDOR []
POSTERS_COMPLETE
Blender 5.2.1 LTS (hash 9e2066aef7ef built 2026-08-25 02:38:20)

Blender quit
