00:07.594  blend            | Read blend: "C:\Users\Adharsh Vijayakarthy\Desktop\Code\Final_Portfolio\scripts\blender\stay-awhile\05-stories.blend"
Info: Read library: 'C:\Users\Adharsh Vijayakarthy\Desktop\Code\Final_Portfolio\scripts\blender\stay-awhile\00-garden.blend', '//00-garden.blend', parent '<direct>'
INFO Draco is available, use library at C:\Program Files\Blender Foundation\Blender 5.2\5.2\scripts\addons_core\io_scene_gltf2\bf_intern_draco_bridge.dll
INFO MeshOptimizer is available, use library at C:\Program Files\Blender Foundation\Blender 5.2\5.2\scripts\addons_core\io_scene_gltf2\bf_intern_meshopt_bridge.dll
23:06:51 | INFO: Starting glTF 2.0 export
23:06:51 | INFO: Extracting primitive: SA_S01_GEOMETRY_00
23:06:51 | INFO: Primitives created: 1
23:06:51 | INFO: Extracting primitive: SA_S01_GEOMETRY_01
23:06:51 | INFO: Primitives created: 1
23:06:51 | INFO: Extracting primitive: SA_S01_GEOMETRY_02
23:06:51 | INFO: Primitives created: 1
23:06:51 | INFO: Extracting primitive: SA_S01_GEOMETRY_03
23:06:51 | INFO: Primitives created: 1
23:06:51 | INFO: Extracting primitive: SA_S01_GEOMETRY_04
23:06:51 | INFO: Primitives created: 1
23:06:51 | INFO: Finished glTF 2.0 export in 0.2805142402648926 s

EXPORTED public\models\stay\v1\stories\lantern-path.desktop.glb 56276
23:06:51 | INFO: Starting glTF 2.0 export
23:06:51 | INFO: Extracting primitive: SA_S01_MOBILEGEOMETRY_00
23:06:51 | INFO: Primitives created: 1
23:06:51 | INFO: Extracting primitive: SA_S01_MOBILEGEOMETRY_01
23:06:51 | INFO: Primitives created: 1
23:06:51 | INFO: Extracting primitive: SA_S01_MOBILEGEOMETRY_02
23:06:51 | INFO: Primitives created: 1
23:06:51 | INFO: Extracting primitive: SA_S01_MOBILEGEOMETRY_03
23:06:51 | INFO: Primitives created: 1
23:06:51 | INFO: Extracting primitive: SA_S01_MOBILEGEOMETRY_04
23:06:51 | INFO: Primitives created: 1
23:06:51 | INFO: Finished glTF 2.0 export in 0.06887102127075195 s

EXPORTED public\models\stay\v1\stories\lantern-path.mobile.glb 44024
PRODUCTION_PASS_COMPLETE
Blender 5.2.1 LTS (hash 9e2066aef7ef built 2026-08-25 02:38:20)

Blender quit
